// Jest Snapshot v1, https://goo.gl/fbAQLP

exports[`Menu List Component renders specified component 1`] = `
<FlatList
  ItemSeparatorComponent={[Function]}
  ListHeaderComponent={
    <Text
      accessible={true}
      allowFontScaling={true}
      ellipsizeMode="tail"
      style={
        Object {
          "color": "black",
          "fontSize": 24,
          "margin": 4,
          "marginBottom": 8,
        }
      }
    >
      Test Header
    </Text>
  }
  data={
    Array [
      Object {
        "key": "item1",
      },
      Object {
        "key": "item2",
      },
    ]
  }
  disableVirtualization={false}
  horizontal={false}
  initialNumToRender={10}
  keyExtractor={[Function]}
  maxToRenderPerBatch={10}
  numColumns={1}
  onEndReachedThreshold={2}
  renderItem={[Function]}
  scrollEventThrottle={50}
  updateCellsBatchingPeriod={50}
  windowSize={21}
/>
`;
