// Jest Snapshot v1, https://goo.gl/fbAQLP

exports[`App Renders the root stack 1`] = `<NavigationContainer />`;
