// Jest Snapshot v1, https://goo.gl/fbAQLP

exports[`Error View Handler prints out error 1`] = `undefined`;
